ignoretest
in
first
directory
